2026-08-21 10:20:01 INFO Server started on port 8080
2026-08-21 10:20:02 INFO Connected to cache layer
2026-08-21 10:21:03 ERROR Database connection failed
2026-08-21 10:21:10 ERROR Payment API failed for order 48213
2026-08-21 10:21:15 ERROR Database connection failed
2026-08-21 10:21:20 WARN Slow API response from /checkout
2026-08-21 10:22:01 ERROR Database connection failed
2026-08-21 10:22:45 INFO Health check passed
2026-08-21 10:23:02 ERROR Authentication failed for user 9931
2026-08-21 10:23:41 ERROR Database connection failed
2026-08-21 10:24:10 CRITICAL OutOfMemoryError in worker pool
2026-08-21 10:24:33 ERROR Payment API failed for order 48277
2026-08-21 10:25:01 WARN Slow API response from /search
2026-08-21 10:25:40 ERROR Database connection failed
2026-08-21 10:26:12 ERROR Authentication failed for user 4471
2026-08-21 10:26:59 ERROR Database connection failed
2026-08-21 10:27:20 DEBUG Cache miss for key session:8823
2026-08-21 10:27:58 ERROR Payment API failed for order 48310
2026-08-21 10:28:30 WARN Slow API response from /checkout
2026-08-21 10:29:01 ERROR Database connection failed
2026-08-21 10:29:44 FATAL Unhandled exception in request thread — shutting down worker
2026-08-21 10:30:12 ERROR Database connection failed
2026-08-21 10:30:55 ERROR Authentication failed for user 1187
2026-08-21 10:31:20 INFO Worker restarted
2026-08-21 10:31:58 ERROR Database connection failed
2026-08-21 10:32:41 ERROR Payment API failed for order 48355
2026-08-21 10:33:10 WARN Slow API response from /search
2026-08-21 10:33:59 ERROR Database connection failed
2026-08-21 10:34:22 CRITICAL Deadlock detected in orders table
2026-08-21 10:34:59 ERROR Authentication failed for user 2290
2026-08-21 10:35:31 ERROR Database connection failed
2026-08-21 10:36:02 INFO Nightly job scheduled
2026-08-21 10:36:44 ERROR Payment API failed for order 48402
2026-08-21 10:37:18 ERROR Database connection failed
2026-08-21 10:37:55 WARN Slow API response from /checkout
2026-08-21 10:38:29 ERROR Database connection failed
2026-08-21 10:39:03 ERROR Authentication failed for user 6642
2026-08-21 10:39:47 ERROR Database connection failed
2026-08-21 10:40:21 ERROR Payment API failed for order 48466
2026-08-21 10:41:02 DEBUG Retrying connection pool
2026-08-21 10:41:45 ERROR Database connection failed
2026-08-21 10:42:19 WARN Slow API response from /search
2026-08-21 10:43:01 ERROR Database connection failed
2026-08-21 10:43:38 ERROR Authentication failed for user 7723
2026-08-21 10:44:15 ERROR Database connection failed
2026-08-21 10:44:59 INFO Backup completed
2026-08-21 10:45:29 ERROR Database connection failed
